###############################################################################
#
# IAR ELF Linker V9.10.1.308/W64 for ARM                  24/Sep/2021  17:12:57
# Copyright 2007-2021 IAR Systems AB.
#
#    Output file  =  C:\Users\Aidan\Documents\efm32\Gravity\Debug\Exe\doom.out
#    Map file     =  C:\Users\Aidan\Documents\efm32\Gravity\Debug\List\doom.map
#    Command line =
#        -f C:\Users\Aidan\Documents\efm32\Gravity\Debug\Exe\doom.out.rsp
#        (C:\Users\Aidan\Documents\efm32\Gravity\Debug\Obj\main\bsp.o
#        C:\Users\Aidan\Documents\efm32\Gravity\Debug\Obj\src\em_acmp.o
#        C:\Users\Aidan\Documents\efm32\Gravity\Debug\Obj\src\em_adc.o
#        C:\Users\Aidan\Documents\efm32\Gravity\Debug\Obj\src\em_aes.o
#        C:\Users\Aidan\Documents\efm32\Gravity\Debug\Obj\src\em_assert.o
#        C:\Users\Aidan\Documents\efm32\Gravity\Debug\Obj\src\em_burtc.o
#        C:\Users\Aidan\Documents\efm32\Gravity\Debug\Obj\src\em_can.o
#        C:\Users\Aidan\Documents\efm32\Gravity\Debug\Obj\src\em_cmu.o
#        C:\Users\Aidan\Documents\efm32\Gravity\Debug\Obj\src\em_core.o
#        C:\Users\Aidan\Documents\efm32\Gravity\Debug\Obj\src\em_cryotimer.o
#        C:\Users\Aidan\Documents\efm32\Gravity\Debug\Obj\src\em_crypto.o
#        C:\Users\Aidan\Documents\efm32\Gravity\Debug\Obj\src\em_csen.o
#        C:\Users\Aidan\Documents\efm32\Gravity\Debug\Obj\src\em_dac.o
#        C:\Users\Aidan\Documents\efm32\Gravity\Debug\Obj\src\em_dbg.o
#        C:\Users\Aidan\Documents\efm32\Gravity\Debug\Obj\main\em_dma.o
#        C:\Users\Aidan\Documents\efm32\Gravity\Debug\Obj\src\em_ebi.o
#        C:\Users\Aidan\Documents\efm32\Gravity\Debug\Obj\src\em_emu.o
#        C:\Users\Aidan\Documents\efm32\Gravity\Debug\Obj\src\em_gpcrc.o
#        C:\Users\Aidan\Documents\efm32\Gravity\Debug\Obj\src\em_gpio.o
#        C:\Users\Aidan\Documents\efm32\Gravity\Debug\Obj\src\em_i2c.o
#        C:\Users\Aidan\Documents\efm32\Gravity\Debug\Obj\src\em_idac.o
#        C:\Users\Aidan\Documents\efm32\Gravity\Debug\Obj\src\em_int.o
#        C:\Users\Aidan\Documents\efm32\Gravity\Debug\Obj\src\em_lcd.o
#        C:\Users\Aidan\Documents\efm32\Gravity\Debug\Obj\src\em_ldma.o
#        C:\Users\Aidan\Documents\efm32\Gravity\Debug\Obj\src\em_lesense.o
#        C:\Users\Aidan\Documents\efm32\Gravity\Debug\Obj\src\em_letimer.o
#        C:\Users\Aidan\Documents\efm32\Gravity\Debug\Obj\src\em_leuart.o
#        C:\Users\Aidan\Documents\efm32\Gravity\Debug\Obj\src\em_mpu.o
#        C:\Users\Aidan\Documents\efm32\Gravity\Debug\Obj\src\em_msc.o
#        C:\Users\Aidan\Documents\efm32\Gravity\Debug\Obj\src\em_opamp.o
#        C:\Users\Aidan\Documents\efm32\Gravity\Debug\Obj\src\em_pcnt.o
#        C:\Users\Aidan\Documents\efm32\Gravity\Debug\Obj\src\em_prs.o
#        C:\Users\Aidan\Documents\efm32\Gravity\Debug\Obj\src\em_qspi.o
#        C:\Users\Aidan\Documents\efm32\Gravity\Debug\Obj\src\em_rmu.o
#        C:\Users\Aidan\Documents\efm32\Gravity\Debug\Obj\src\em_rtc.o
#        C:\Users\Aidan\Documents\efm32\Gravity\Debug\Obj\src\em_rtcc.o
#        C:\Users\Aidan\Documents\efm32\Gravity\Debug\Obj\src\em_system.o
#        C:\Users\Aidan\Documents\efm32\Gravity\Debug\Obj\src\em_timer.o
#        C:\Users\Aidan\Documents\efm32\Gravity\Debug\Obj\src\em_usart.o
#        C:\Users\Aidan\Documents\efm32\Gravity\Debug\Obj\src\em_vcmp.o
#        C:\Users\Aidan\Documents\efm32\Gravity\Debug\Obj\src\em_vdac.o
#        C:\Users\Aidan\Documents\efm32\Gravity\Debug\Obj\src\em_wdog.o
#        C:\Users\Aidan\Documents\efm32\Gravity\Debug\Obj\main\main.o
#        C:\Users\Aidan\Documents\efm32\Gravity\Debug\Obj\main\max7129.o
#        C:\Users\Aidan\Documents\efm32\Gravity\Debug\Obj\main\startup_efm32.o
#        C:\Users\Aidan\Documents\efm32\Gravity\Debug\Obj\main\system_efm32zg.o
#        --no_out_extension -o
#        C:\Users\Aidan\Documents\efm32\Gravity\Debug\Exe\doom.out --redirect
#        _Printf=_PrintfFullNoMb --redirect _Scanf=_ScanfFullNoMb --map
#        C:\Users\Aidan\Documents\efm32\Gravity\Debug\List\doom.map --config
#        D:\Programs\EWARM\arm\config\linker\SiliconLaboratories\EFM32ZG222F32.icf
#        --semihosting --entry __iar_program_start --vfe --text_out locale)
#
###############################################################################

*******************************************************************************
*** RUNTIME MODEL ATTRIBUTES
***

CppFlavor       = *
__SystemLibrary = DLib
__dlib_version  = 6


*******************************************************************************
*** HEAP SELECTION
***

The basic heap was selected because some modules are built with
size limitations (and not runtime checking), and --advanced_heap
was not specified.


*******************************************************************************
*** PLACEMENT SUMMARY
***

"A0":  place at address 0x0 { ro section .intvec };
"P1":  place in [from 0x0 to 0x7fff] { ro };
define block CSTACK with size = 1K, alignment = 8 { };
define block HEAP with size = 1K, alignment = 8 { };
"P2":  place in [from 0x2000'0000 to 0x2000'0fff] {
          rw, block CSTACK, block HEAP };
initialize by copy { rw };
keep { section .intvec };

  Section            Kind         Address    Size  Object
  -------            ----         -------    ----  ------
"A0":                                        0x8c
  .intvec            const            0x0    0x8c  startup_efm32.o [1]
                                   - 0x8c    0x8c

"P1":                                      0x16ca
  .text              ro code         0x8c   0x630  em_cmu.o [2]
  .text              ro code        0x6bc    0xd8  system_efm32zg.o [1]
  .text              ro code        0x794   0x460  max7129.o [1]
  .text              ro code        0xbf4    0x34  ABImemcpy.o [5]
  .text              ro code        0xc28   0x14c  em_usart.o [2]
  .text              ro code        0xd74   0x2cc  em_gpio.o [2]
  .text              ro code       0x1040   0x1bc  bsp.o [1]
  .text              ro code       0x11fc    0x34  floorf.o [4]
  .text              ro code       0x1230    0x3a  FltToS32.o [4]
  .text              ro code       0x126a    0xb0  FltMul.o [4]
  .text              ro code       0x131a    0xe0  I32DivModFast.o [5]
  .text              ro code       0x13fa    0x3e  packbits_init_single.o [5]
  .text              ro code       0x1438    0x36  IxxToFlt.o [4]
  .text              ro code       0x146e    0xa4  FltDiv.o [4]
  .text              ro code       0x1514     0x2  IntDivZer.o [5]
  .text              ro code       0x1518    0xb8  em_dma.o [1]
  .text              ro code       0x15d0    0x70  main.o [1]
  .text              ro code       0x1640    0x28  data_init.o [5]
  .iar.init_table    const         0x1668    0x10  - Linker created -
  .text              ro code       0x1678    0x1e  cmain.o [5]
  .text              ro code       0x1696     0x4  low_level_init.o [3]
  .text              ro code       0x169a     0x8  exit.o [3]
  .text              ro code       0x16a4     0xa  cexit.o [5]
  .text              ro code       0x16b0    0x14  exit.o [6]
  .text              ro code       0x16c4    0x1c  cstartup_M.o [5]
  .rodata            const         0x16e0    0x18  max7129.o [1]
  .text              ro code       0x16f8     0x8  startup_efm32.o [1]
  .text              ro code       0x1700     0x4  startup_efm32.o [1]
  .text              ro code       0x1704     0x4  startup_efm32.o [1]
  .text              ro code       0x1708     0x4  startup_efm32.o [1]
  .text              ro code       0x170c     0x4  startup_efm32.o [1]
  .text              ro code       0x1710     0x4  startup_efm32.o [1]
  .text              ro code       0x1714     0x4  startup_efm32.o [1]
  .text              ro code       0x1718     0x4  startup_efm32.o [1]
  .text              ro code       0x171c     0x4  startup_efm32.o [1]
  .text              ro code       0x1720     0x4  startup_efm32.o [1]
  .text              ro code       0x1724     0x4  startup_efm32.o [1]
  .text              ro code       0x1728     0x4  startup_efm32.o [1]
  .text              ro code       0x172c     0x4  startup_efm32.o [1]
  .text              ro code       0x1730     0x4  startup_efm32.o [1]
  .text              ro code       0x1734     0x4  startup_efm32.o [1]
  .text              ro code       0x1738     0x4  startup_efm32.o [1]
  .text              ro code       0x173c     0x4  startup_efm32.o [1]
  .text              ro code       0x1740     0x4  startup_efm32.o [1]
  .text              ro code       0x1744     0x4  startup_efm32.o [1]
  .rodata            const         0x1748     0x0  packbits_init_single.o [5]
  Initializer bytes  const         0x1748     0xe  <for P2-1>
                                 - 0x1756  0x16ca

"P2", part 1 of 2:                           0x2c
  P2-1                        0x2000'0000    0x2c  <Init block>
    .data            inited   0x2000'0000     0x4  system_efm32zg.o [1]
    .data            inited   0x2000'0004     0x4  system_efm32zg.o [1]
    .data            inited   0x2000'0008     0x4  system_efm32zg.o [1]
    .bss             inited   0x2000'000c     0x4  bsp.o [1]
    .bss             inited   0x2000'0010     0x4  main.o [1]
    .bss             inited   0x2000'0014     0x8  max7129.o [1]
    .bss             inited   0x2000'001c     0x4  max7129.o [1]
    .bss             inited   0x2000'0020     0x4  max7129.o [1]
    .bss             inited   0x2000'0024     0x4  max7129.o [1]
    .bss             inited   0x2000'0028     0x4  max7129.o [1]
                            - 0x2000'002c    0x2c

"P2", part 2 of 2:                          0x400
  CSTACK                      0x2000'0030   0x400  <Block>
    CSTACK           uninit   0x2000'0030   0x400  <Block tail>
                            - 0x2000'0430   0x400

Unused ranges:

         From           To    Size
         ----           --    ----
       0x1756       0x7fff  0x68aa
  0x2000'002c  0x2000'002f     0x4
  0x2000'0430  0x2000'0fff   0xbd0


*******************************************************************************
*** INIT TABLE
***

          Address      Size
          -------      ----
Copy/packbits (__iar_packbits_init_single3)
    1 source range, total size 0xe (31% of destination):
               0x1748   0xe
    1 destination range, total size 0x2c:
          0x2000'0000  0x2c



*******************************************************************************
*** MODULE SUMMARY
***

    Module                  ro code  ro data  rw data
    ------                  -------  -------  -------
command line/config:
    -------------------------------------------------
    Total:

C:\Users\Aidan\Documents\efm32\Gravity\Debug\Obj\main: [1]
    bsp.o                       444        2        4
    em_dma.o                    184
    main.o                      112        1        4
    max7129.o                 1'120       32       24
    startup_efm32.o              80      140
    system_efm32zg.o            216        3       12
    -------------------------------------------------
    Total:                    2'156      178       44

C:\Users\Aidan\Documents\efm32\Gravity\Debug\Obj\src: [2]
    em_cmu.o                  1'584
    em_gpio.o                   716
    em_usart.o                  332
    -------------------------------------------------
    Total:                    2'632

dl6M_tln.a: [3]
    exit.o                        8
    low_level_init.o              4
    -------------------------------------------------
    Total:                       12

m6M_tl.a: [4]
    FltDiv.o                    164
    FltMul.o                    176
    FltToS32.o                   58
    IxxToFlt.o                   54
    floorf.o                     52
    -------------------------------------------------
    Total:                      504

rt6M_tl.a: [5]
    ABImemcpy.o                  52
    I32DivModFast.o             224
    IntDivZer.o                   2
    cexit.o                      10
    cmain.o                      30
    cstartup_M.o                 28
    data_init.o                  40
    packbits_init_single.o       62
    -------------------------------------------------
    Total:                      448

shb_l.a: [6]
    exit.o                       20
    -------------------------------------------------
    Total:                       20

    Gaps                          8
    Linker created                        16    1'024
-----------------------------------------------------
    Grand Total:              5'780      194    1'068


*******************************************************************************
*** ENTRY LIST
***

Entry                       Address   Size  Type      Object
-----                       -------   ----  ----      ------
.iar.init_table$$Base        0x1668          --   Gb  - Linker created -
.iar.init_table$$Limit       0x1678          --   Gb  - Linker created -
?main                        0x1679         Code  Gb  cmain.o [5]
ACMP0_IRQHandler             0x1719    0x4  Code  Gb  startup_efm32.o [1]
ADC0_IRQHandler              0x171d    0x4  Code  Gb  startup_efm32.o [1]
AES_IRQHandler               0x1745    0x4  Code  Gb  startup_efm32.o [1]
BSP_delay                    0x116d   0x16  Code  Gb  bsp.o [1]
BSP_init                     0x1059   0xbc  Code  Gb  bsp.o [1]
BSP_setLED                   0x1183   0x10  Code  Gb  bsp.o [1]
BSP_tickCtr                  0x1115    0xa  Code  Gb  bsp.o [1]
BUS_RegBitRead                 0xa9    0xc  Code  Lc  em_cmu.o [2]
BUS_RegBitWrite                0x8d   0x1c  Code  Lc  em_cmu.o [2]
CHIP_Init                    0x15d1    0x2  Code  Lc  main.o [1]
CMU_ClockEnable               0x2e5   0x6a  Code  Gb  em_cmu.o [2]
CMU_ClockFreqGet              0x355   0xb0  Code  Gb  em_cmu.o [2]
CMU_ClockSelectGet            0x40d   0xd6  Code  Gb  em_cmu.o [2]
CMU_ClockSelectSet            0x4f9  0x128  Code  Gb  em_cmu.o [2]
CMU_IRQHandler               0x1739    0x4  Code  Gb  startup_efm32.o [1]
CMU_OscillatorEnable          0x639   0x70  Code  Gb  em_cmu.o [2]
CMU_UpdateWaitStates          0x1a7   0x32  Code  Gb  em_cmu.o [2]
CSTACK$$Base            0x2000'0030          --   Gb  - Linker created -
CSTACK$$Limit           0x2000'0430         Data  Gb  - Linker created -
DMA_IRQHandler               0x1519   0xa4  Code  Gb  em_dma.o [1]
GPIO_EVEN_IRQHandler         0x1711    0x4  Code  Gb  startup_efm32.o [1]
GPIO_ODD_IRQHandler          0x1123   0x4a  Code  Gb  bsp.o [1]
GPIO_PinModeSet               0xed5  0x154  Code  Gb  em_gpio.o [2]
GPIO_PinOutClear              0xd75   0xa4  Code  Lc  em_gpio.o [2]
GPIO_PinOutSet                0xe19   0xa4  Code  Lc  em_gpio.o [2]
HardFault_Handler            0x1705    0x4  Code  Gb  startup_efm32.o [1]
I2C0_IRQHandler              0x1721    0x4  Code  Gb  startup_efm32.o [1]
LEUART0_IRQHandler           0x1731    0x4  Code  Gb  startup_efm32.o [1]
MSC_IRQHandler               0x1741    0x4  Code  Gb  startup_efm32.o [1]
NMI_Handler                  0x1701    0x4  Code  Gb  startup_efm32.o [1]
PCNT0_IRQHandler             0x1735    0x4  Code  Gb  startup_efm32.o [1]
PendSV_Handler               0x170d    0x4  Code  Gb  startup_efm32.o [1]
Region$$Table$$Base          0x1668          --   Gb  - Linker created -
Region$$Table$$Limit         0x1678          --   Gb  - Linker created -
Reset_Handler                0x16f9    0x8  Code  Gb  startup_efm32.o [1]
SVC_Handler                  0x1709    0x4  Code  Gb  startup_efm32.o [1]
SYSTEM_GetProdRev              0xb5    0xa  Code  Lc  em_cmu.o [2]
SysTick_Handler              0x111f    0x4  Code  Gb  bsp.o [1]
SystemCoreClock         0x2000'0008    0x4  Data  Gb  system_efm32zg.o [1]
SystemCoreClockGet            0x6bd   0x16  Code  Gb  system_efm32zg.o [1]
SystemHFClockGet              0x6d7   0x7c  Code  Gb  system_efm32zg.o [1]
SystemHFXOClock         0x2000'0000    0x4  Data  Lc  system_efm32zg.o [1]
SystemLFRCOClockGet           0x753    0x6  Code  Gb  system_efm32zg.o [1]
SystemLFXOClock         0x2000'0004    0x4  Data  Lc  system_efm32zg.o [1]
SystemLFXOClockGet            0x75f    0x6  Code  Gb  system_efm32zg.o [1]
SystemMaxCoreClockGet         0x6d3    0x4  Code  Gb  system_efm32zg.o [1]
SystemULFRCOClockGet          0x759    0x6  Code  Gb  system_efm32zg.o [1]
TIMER0_IRQHandler            0x1715    0x4  Code  Gb  startup_efm32.o [1]
TIMER1_IRQHandler            0x1725    0x4  Code  Gb  startup_efm32.o [1]
USART1_RX_IRQHandler         0x1729    0x4  Code  Gb  startup_efm32.o [1]
USART1_TX_IRQHandler         0x172d    0x4  Code  Gb  startup_efm32.o [1]
USART_BaudrateSyncSet         0xc29   0x34  Code  Gb  em_usart.o [2]
USART_Enable                  0xc5d   0x26  Code  Gb  em_usart.o [2]
USART_InitSync                0xc83   0x8e  Code  Gb  em_usart.o [2]
USART_Reset                   0xd15   0x4a  Code  Gb  em_usart.o [2]
VCMP_IRQHandler              0x173d    0x4  Code  Gb  startup_efm32.o [1]
__NVIC_EnableIRQ             0x1041   0x18  Code  Lc  bsp.o [1]
__aeabi_f2iz                 0x1231         Code  Gb  FltToS32.o [4]
__aeabi_fdiv                 0x146f         Code  Gb  FltDiv.o [4]
__aeabi_fmul                 0x126b         Code  Gb  FltMul.o [4]
__aeabi_i2f                  0x1459         Code  Gb  IxxToFlt.o [4]
__aeabi_idiv                 0x1347         Code  Gb  I32DivModFast.o [5]
__aeabi_idiv0                0x1515         Code  Gb  IntDivZer.o [5]
__aeabi_idivmod              0x1347         Code  Gb  I32DivModFast.o [5]
__aeabi_memcpy4               0xbf5         Code  Gb  ABImemcpy.o [5]
__aeabi_memcpy8               0xbf5         Code  Gb  ABImemcpy.o [5]
__aeabi_ui2f                 0x1439         Code  Gb  IxxToFlt.o [4]
__aeabi_uidiv                0x134d         Code  Gb  I32DivModFast.o [5]
__aeabi_uidivmod             0x134d         Code  Gb  I32DivModFast.o [5]
__cmain                      0x1679         Code  Gb  cmain.o [5]
__exit                       0x16b1   0x14  Code  Gb  exit.o [6]
__iar_data_init3             0x1641   0x28  Code  Gb  data_init.o [5]
__iar_floor32                0x11fd         Code  Gb  floorf.o [4]
__iar_packbits_init_single3
                             0x13fb   0x3e  Code  Gb  packbits_init_single.o [5]
__iar_program_start          0x16c5         Code  Gb  cstartup_M.o [5]
__low_level_init             0x1697    0x4  Code  Gb  low_level_init.o [3]
__vector_table                  0x0   0x8c  Data  Gb  startup_efm32.o [1]
_call_main                   0x1685         Code  Gb  cmain.o [5]
_exit                        0x16a5         Code  Gb  cexit.o [5]
auxClkGet                      0xbf   0x62  Code  Lc  em_cmu.o [2]
counter                 0x2000'000c    0x4  Data  Gb  bsp.o [1]
dbgClkGet                     0x121   0x26  Code  Lc  em_cmu.o [2]
drawMatrix                    0x831   0x2e  Code  Gb  max7129.o [1]
exit                         0x169b    0x8  Code  Gb  exit.o [3]
first                   0x2000'0028    0x4  Data  Gb  max7129.o [1]
flashWaitStateControl         0x147   0x30  Code  Lc  em_cmu.o [2]
flashWaitStateMax             0x177   0x30  Code  Lc  em_cmu.o [2]
floorf                       0x11fd         Code  Gb  floorf.o [4]
fourth                  0x2000'0024    0x4  Data  Gb  max7129.o [1]
hfperClkOptimizedPrescaler
                              0x293    0x2  Code  Lc  em_cmu.o [2]
hfperClkSafePrescaler         0x291    0x2  Code  Lc  em_cmu.o [2]
initSpi3Wire                  0x795   0x9c  Code  Gb  max7129.o [1]
lfClkGet                      0x1d9   0xa2  Code  Lc  em_cmu.o [2]
main                         0x15d3   0x54  Code  Gb  main.o [1]
matrix                  0x2000'0014    0x8  Data  Gb  max7129.o [1]
number                  0x2000'0010    0x4  Data  Gb  main.o [1]
second                  0x2000'001c    0x4  Data  Gb  max7129.o [1]
syncReg                       0x27b   0x16  Code  Lc  em_cmu.o [2]
third                   0x2000'0020    0x4  Data  Gb  max7129.o [1]
updateMatrix                  0x88d  0x362  Code  Gb  max7129.o [1]


[1] = C:\Users\Aidan\Documents\efm32\Gravity\Debug\Obj\main
[2] = C:\Users\Aidan\Documents\efm32\Gravity\Debug\Obj\src
[3] = dl6M_tln.a
[4] = m6M_tl.a
[5] = rt6M_tl.a
[6] = shb_l.a

  5'780 bytes of readonly  code memory
    194 bytes of readonly  data memory
  1'068 bytes of readwrite data memory

Errors: none
Warnings: none
